2025-10-07T18:55:58.838+05:30  INFO 13948 --- [PayrollSystem] [restartedMain] c.a.p.PayrollSystemApplication           : Starting PayrollSystemApplication using Java 21.0.3 with PID 13948 (D:\SpringBootTranining\capstone\Payment-and-Payroll-Management-System\target\classes started by prathamesh.rane in D:\SpringBootTranining\capstone\Payment-and-Payroll-Management-System)
2025-10-07T18:55:58.848+05:30  INFO 13948 --- [PayrollSystem] [restartedMain] c.a.p.PayrollSystemApplication           : No active profile set, falling back to 1 default profile: "default"
2025-10-07T18:55:58.901+05:30  INFO 13948 --- [PayrollSystem] [restartedMain] .e.DevToolsPropertyDefaultsPostProcessor : Devtools property defaults active! Set 'spring.devtools.add-properties' to 'false' to disable
2025-10-07T18:55:58.948+05:30  INFO 13948 --- [PayrollSystem] [restartedMain] .e.DevToolsPropertyDefaultsPostProcessor : For additional web related logging consider setting the 'logging.level.web' property to 'DEBUG'
2025-10-07T18:56:00.107+05:30  INFO 13948 --- [PayrollSystem] [restartedMain] .s.d.r.c.RepositoryConfigurationDelegate : Bootstrapping Spring Data JPA repositories in DEFAULT mode.
2025-10-07T18:56:00.237+05:30  INFO 13948 --- [PayrollSystem] [restartedMain] .s.d.r.c.RepositoryConfigurationDelegate : Finished Spring Data repository scanning in 120 ms. Found 6 JPA repository interfaces.
2025-10-07T18:56:01.129+05:30  INFO 13948 --- [PayrollSystem] [restartedMain] o.s.b.w.embedded.tomcat.TomcatWebServer  : Tomcat initialized with port 8080 (http)
2025-10-07T18:56:01.146+05:30  INFO 13948 --- [PayrollSystem] [restartedMain] o.apache.catalina.core.StandardService   : Starting service [Tomcat]
2025-10-07T18:56:01.147+05:30  INFO 13948 --- [PayrollSystem] [restartedMain] o.apache.catalina.core.StandardEngine    : Starting Servlet engine: [Apache Tomcat/10.1.46]
2025-10-07T18:56:01.251+05:30  INFO 13948 --- [PayrollSystem] [restartedMain] o.a.c.c.C.[Tomcat].[localhost].[/]       : Initializing Spring embedded WebApplicationContext
2025-10-07T18:56:01.252+05:30  INFO 13948 --- [PayrollSystem] [restartedMain] w.s.c.ServletWebServerApplicationContext : Root WebApplicationContext: initialization completed in 2303 ms
2025-10-07T18:56:01.343+05:30  INFO 13948 --- [PayrollSystem] [restartedMain] com.zaxxer.hikari.HikariDataSource       : HikariPool-1 - Starting...
2025-10-07T18:56:01.816+05:30  INFO 13948 --- [PayrollSystem] [restartedMain] com.zaxxer.hikari.pool.HikariPool        : HikariPool-1 - Added connection com.mysql.cj.jdbc.ConnectionImpl@31b25989
2025-10-07T18:56:01.819+05:30  INFO 13948 --- [PayrollSystem] [restartedMain] com.zaxxer.hikari.HikariDataSource       : HikariPool-1 - Start completed.
2025-10-07T18:56:01.974+05:30  INFO 13948 --- [PayrollSystem] [restartedMain] o.hibernate.jpa.internal.util.LogHelper  : HHH000204: Processing PersistenceUnitInfo [name: default]
2025-10-07T18:56:02.073+05:30  INFO 13948 --- [PayrollSystem] [restartedMain] org.hibernate.Version                    : HHH000412: Hibernate ORM core version 6.6.29.Final
2025-10-07T18:56:02.121+05:30  INFO 13948 --- [PayrollSystem] [restartedMain] o.h.c.internal.RegionFactoryInitiator    : HHH000026: Second-level cache disabled
2025-10-07T18:56:02.477+05:30  INFO 13948 --- [PayrollSystem] [restartedMain] o.s.o.j.p.SpringPersistenceUnitInfo      : No LoadTimeWeaver setup: ignoring JPA class transformer
2025-10-07T18:56:02.601+05:30  INFO 13948 --- [PayrollSystem] [restartedMain] org.hibernate.orm.connections.pooling    : HHH10001005: Database info:
	Database JDBC URL [Connecting through datasource 'HikariDataSource (HikariPool-1)']
	Database driver: undefined/unknown
	Database version: 9.3
	Autocommit mode: undefined/unknown
	Isolation level: undefined/unknown
	Minimum pool size: undefined/unknown
	Maximum pool size: undefined/unknown
2025-10-07T18:56:04.279+05:30  INFO 13948 --- [PayrollSystem] [restartedMain] o.h.e.t.j.p.i.JtaPlatformInitiator       : HHH000489: No JTA platform available (set 'hibernate.transaction.jta.platform' to enable JTA platform integration)
2025-10-07T18:56:04.821+05:30  INFO 13948 --- [PayrollSystem] [restartedMain] j.LocalContainerEntityManagerFactoryBean : Initialized JPA EntityManagerFactory for persistence unit 'default'
2025-10-07T18:56:05.096+05:30  INFO 13948 --- [PayrollSystem] [restartedMain] r$InitializeUserDetailsManagerConfigurer : Global AuthenticationManager configured with UserDetailsService bean with name customUserDetailsService
2025-10-07T18:56:05.260+05:30  INFO 13948 --- [PayrollSystem] [restartedMain] o.s.d.j.r.query.QueryEnhancerFactory     : Hibernate is in classpath; If applicable, HQL parser will be used.
2025-10-07T18:56:06.268+05:30  WARN 13948 --- [PayrollSystem] [restartedMain] JpaBaseConfiguration$JpaWebConfiguration : spring.jpa.open-in-view is enabled by default. Therefore, database queries may be performed during view rendering. Explicitly configure spring.jpa.open-in-view to disable this warning
2025-10-07T18:56:06.938+05:30  INFO 13948 --- [PayrollSystem] [restartedMain] o.s.b.d.a.OptionalLiveReloadServer       : LiveReload server is running on port 35729
2025-10-07T18:56:07.005+05:30  INFO 13948 --- [PayrollSystem] [restartedMain] o.s.b.w.embedded.tomcat.TomcatWebServer  : Tomcat started on port 8080 (http) with context path '/'
2025-10-07T18:56:07.014+05:30  INFO 13948 --- [PayrollSystem] [restartedMain] c.a.p.PayrollSystemApplication           : Started PayrollSystemApplication in 8.675 seconds (process running for 9.336)
2025-10-07T18:56:07.018+05:30  INFO 13948 --- [PayrollSystem] [restartedMain] o.s.b.a.b.JobLauncherApplicationRunner   : Running default command line with: []
2025-10-07T18:59:40.064+05:30  INFO 13948 --- [PayrollSystem] [File Watcher] rtingClassPathChangeChangedEventListener : Restarting due to 1 class path change (0 additions, 0 deletions, 1 modification)
2025-10-07T18:59:40.070+05:30  INFO 13948 --- [PayrollSystem] [Thread-5] o.s.b.w.e.tomcat.GracefulShutdown        : Commencing graceful shutdown. Waiting for active requests to complete
2025-10-07T18:59:40.080+05:30  INFO 13948 --- [PayrollSystem] [tomcat-shutdown] o.s.b.w.e.tomcat.GracefulShutdown        : Graceful shutdown complete
2025-10-07T18:59:40.088+05:30  INFO 13948 --- [PayrollSystem] [Thread-5] j.LocalContainerEntityManagerFactoryBean : Closing JPA EntityManagerFactory for persistence unit 'default'
2025-10-07T18:59:40.093+05:30  INFO 13948 --- [PayrollSystem] [Thread-5] com.zaxxer.hikari.HikariDataSource       : HikariPool-1 - Shutdown initiated...
2025-10-07T18:59:40.105+05:30  INFO 13948 --- [PayrollSystem] [Thread-5] com.zaxxer.hikari.HikariDataSource       : HikariPool-1 - Shutdown completed.
2025-10-07T18:59:40.242+05:30  INFO 13948 --- [PayrollSystem] [restartedMain] c.a.p.PayrollSystemApplication           : Starting PayrollSystemApplication using Java 21.0.3 with PID 13948 (D:\SpringBootTranining\capstone\Payment-and-Payroll-Management-System\target\classes started by prathamesh.rane in D:\SpringBootTranining\capstone\Payment-and-Payroll-Management-System)
2025-10-07T18:59:40.242+05:30  INFO 13948 --- [PayrollSystem] [restartedMain] c.a.p.PayrollSystemApplication           : No active profile set, falling back to 1 default profile: "default"
2025-10-07T18:59:40.673+05:30  INFO 13948 --- [PayrollSystem] [restartedMain] .s.d.r.c.RepositoryConfigurationDelegate : Bootstrapping Spring Data JPA repositories in DEFAULT mode.
2025-10-07T18:59:40.764+05:30  INFO 13948 --- [PayrollSystem] [restartedMain] .s.d.r.c.RepositoryConfigurationDelegate : Finished Spring Data repository scanning in 89 ms. Found 6 JPA repository interfaces.
2025-10-07T18:59:40.932+05:30  INFO 13948 --- [PayrollSystem] [restartedMain] o.s.b.w.embedded.tomcat.TomcatWebServer  : Tomcat initialized with port 8080 (http)
2025-10-07T18:59:40.934+05:30  INFO 13948 --- [PayrollSystem] [restartedMain] o.apache.catalina.core.StandardService   : Starting service [Tomcat]
2025-10-07T18:59:40.934+05:30  INFO 13948 --- [PayrollSystem] [restartedMain] o.apache.catalina.core.StandardEngine    : Starting Servlet engine: [Apache Tomcat/10.1.46]
2025-10-07T18:59:40.973+05:30  INFO 13948 --- [PayrollSystem] [restartedMain] o.a.c.c.C.[Tomcat].[localhost].[/]       : Initializing Spring embedded WebApplicationContext
2025-10-07T18:59:40.974+05:30  INFO 13948 --- [PayrollSystem] [restartedMain] w.s.c.ServletWebServerApplicationContext : Root WebApplicationContext: initialization completed in 728 ms
2025-10-07T18:59:41.001+05:30  INFO 13948 --- [PayrollSystem] [restartedMain] com.zaxxer.hikari.HikariDataSource       : HikariPool-2 - Starting...
2025-10-07T18:59:41.022+05:30  INFO 13948 --- [PayrollSystem] [restartedMain] com.zaxxer.hikari.pool.HikariPool        : HikariPool-2 - Added connection com.mysql.cj.jdbc.ConnectionImpl@3d94bc6e
2025-10-07T18:59:41.022+05:30  INFO 13948 --- [PayrollSystem] [restartedMain] com.zaxxer.hikari.HikariDataSource       : HikariPool-2 - Start completed.
2025-10-07T18:59:41.049+05:30  INFO 13948 --- [PayrollSystem] [restartedMain] o.hibernate.jpa.internal.util.LogHelper  : HHH000204: Processing PersistenceUnitInfo [name: default]
2025-10-07T18:59:41.055+05:30  INFO 13948 --- [PayrollSystem] [restartedMain] o.h.c.internal.RegionFactoryInitiator    : HHH000026: Second-level cache disabled
2025-10-07T18:59:41.067+05:30  INFO 13948 --- [PayrollSystem] [restartedMain] o.s.o.j.p.SpringPersistenceUnitInfo      : No LoadTimeWeaver setup: ignoring JPA class transformer
2025-10-07T18:59:41.071+05:30  INFO 13948 --- [PayrollSystem] [restartedMain] org.hibernate.orm.connections.pooling    : HHH10001005: Database info:
	Database JDBC URL [Connecting through datasource 'HikariDataSource (HikariPool-2)']
	Database driver: undefined/unknown
	Database version: 9.3
	Autocommit mode: undefined/unknown
	Isolation level: undefined/unknown
	Minimum pool size: undefined/unknown
	Maximum pool size: undefined/unknown
2025-10-07T18:59:41.681+05:30  INFO 13948 --- [PayrollSystem] [restartedMain] o.h.e.t.j.p.i.JtaPlatformInitiator       : HHH000489: No JTA platform available (set 'hibernate.transaction.jta.platform' to enable JTA platform integration)
2025-10-07T18:59:42.081+05:30  INFO 13948 --- [PayrollSystem] [restartedMain] j.LocalContainerEntityManagerFactoryBean : Initialized JPA EntityManagerFactory for persistence unit 'default'
2025-10-07T18:59:42.151+05:30  INFO 13948 --- [PayrollSystem] [restartedMain] r$InitializeUserDetailsManagerConfigurer : Global AuthenticationManager configured with UserDetailsService bean with name customUserDetailsService
2025-10-07T18:59:42.288+05:30  WARN 13948 --- [PayrollSystem] [restartedMain] JpaBaseConfiguration$JpaWebConfiguration : spring.jpa.open-in-view is enabled by default. Therefore, database queries may be performed during view rendering. Explicitly configure spring.jpa.open-in-view to disable this warning
2025-10-07T18:59:42.418+05:30  INFO 13948 --- [PayrollSystem] [restartedMain] o.s.b.d.a.OptionalLiveReloadServer       : LiveReload server is running on port 35729
2025-10-07T18:59:42.431+05:30  INFO 13948 --- [PayrollSystem] [restartedMain] o.s.b.w.embedded.tomcat.TomcatWebServer  : Tomcat started on port 8080 (http) with context path '/'
2025-10-07T18:59:42.437+05:30  INFO 13948 --- [PayrollSystem] [restartedMain] c.a.p.PayrollSystemApplication           : Started PayrollSystemApplication in 2.238 seconds (process running for 224.76)
2025-10-07T18:59:42.437+05:30  INFO 13948 --- [PayrollSystem] [restartedMain] o.s.b.a.b.JobLauncherApplicationRunner   : Running default command line with: []
2025-10-07T18:59:42.438+05:30  INFO 13948 --- [PayrollSystem] [restartedMain] .ConditionEvaluationDeltaLoggingListener : Condition evaluation unchanged
2025-10-07T19:02:05.200+05:30  INFO 13948 --- [PayrollSystem] [http-nio-8080-exec-2] o.a.c.c.C.[Tomcat].[localhost].[/]       : Initializing Spring DispatcherServlet 'dispatcherServlet'
2025-10-07T19:02:05.204+05:30  INFO 13948 --- [PayrollSystem] [http-nio-8080-exec-2] o.s.web.servlet.DispatcherServlet        : Initializing Servlet 'dispatcherServlet'
2025-10-07T19:02:05.206+05:30  INFO 13948 --- [PayrollSystem] [http-nio-8080-exec-2] o.s.web.servlet.DispatcherServlet        : Completed initialization in 2 ms
2025-10-07T19:02:05.971+05:30  INFO 13948 --- [PayrollSystem] [http-nio-8080-exec-2] c.a.p.s.authentication.AuthServiceImpl   : ID: EMP123 has logged In
2025-10-07T19:02:29.704+05:30  WARN 13948 --- [PayrollSystem] [http-nio-8080-exec-3] ration$PageModule$WarningLoggingModifier : Serializing PageImpl instances as-is is not supported, meaning that there is no guarantee about the stability of the resulting JSON structure!
	For a stable JSON structure, please use Spring Data's PagedModel (globally via @EnableSpringDataWebSupport(pageSerializationMode = VIA_DTO))
	or Spring HATEOAS and Spring Data's PagedResourcesAssembler as documented in https://docs.spring.io/spring-data/commons/reference/repositories/core-extensions.html#core.web.pageables.

